HF_sto-3g_JW QWC GH_L10_l0.6 0 630 150 137 148 159423 12.6 deadline True
HF_sto-3g_JW QWC GH_L10_l0.6 1 630 150 137 147 165721 12.6 deadline True
HF_sto-3g_JW QWC GH_L10_l0.6 2 630 150 137 148 168134 12.6 deadline True
HF_sto-3g_JW QWC GH_L10_l1.2 0 630 150 137 148 171660 12.6 deadline True
HF_sto-3g_JW QWC GH_L10_l1.2 1 630 150 137 148 175001 12.6 deadline True
HF_sto-3g_JW QWC GH_L10_l1.2 2 630 150 137 147 180127 12.6 deadline True
HF_sto-3g_JW QWC GH_L10_l2.0 0 630 150 137 148 166003 12.6 deadline True
HF_sto-3g_JW QWC GH_L10_l2.0 1 630 150 137 147 166136 12.6 deadline True
HF_sto-3g_JW QWC GH_L10_l2.0 2 630 150 137 148 166970 12.6 deadline True
HF_sto-3g_JW QWC GH_L50_l0.6 0 630 150 137 147 166406 12.6 deadline True
HF_sto-3g_JW QWC GH_L50_l0.6 1 630 150 137 148 167498 12.6 deadline True
HF_sto-3g_JW QWC GH_L50_l0.6 2 630 150 137 148 167781 12.6 deadline True
HF_sto-3g_JW QWC GH_L100_l0.6 0 630 150 137 147 170977 12.6 deadline True
HF_sto-3g_JW QWC GH_L100_l0.6 1 630 150 137 148 175222 12.6 deadline True
HF_sto-3g_JW QWC GH_L100_l0.6 2 630 150 137 148 169407 12.6 deadline True
HF_sto-3g_JW QWC fixed10 0 630 150 137 148 184285 12.6 deadline True
HF_sto-3g_JW QWC fixed10 1 630 150 137 147 176404 12.6 deadline True
HF_sto-3g_JW QWC fixed10 2 630 150 137 147 180354 12.6 deadline True
HF_sto-3g_JW FC GH_L10_l0.6 0 630 26 13 24 166646 12.6 deadline True
HF_sto-3g_JW FC GH_L10_l0.6 1 630 26 13 24 172163 12.6 deadline True
HF_sto-3g_JW FC GH_L10_l0.6 2 630 26 13 24 170218 12.6 deadline True
HF_sto-3g_JW FC GH_L10_l1.2 0 630 26 13 24 169797 12.6 deadline True
HF_sto-3g_JW FC GH_L10_l1.2 1 630 26 13 24 159410 12.6 deadline True
HF_sto-3g_JW FC GH_L10_l1.2 2 630 26 13 24 168893 12.6 deadline True
HF_sto-3g_JW FC GH_L10_l2.0 0 630 26 13 23 160345 12.6 deadline True
HF_sto-3g_JW FC GH_L10_l2.0 1 630 26 13 23 158749 12.6 deadline True
HF_sto-3g_JW FC GH_L10_l2.0 2 630 26 13 24 166925 12.6 deadline True
HF_sto-3g_JW FC GH_L50_l0.6 0 630 26 13 23 158187 12.6 deadline True
HF_sto-3g_JW FC GH_L50_l0.6 1 630 26 13 23 168471 12.6 deadline True
HF_sto-3g_JW FC GH_L50_l0.6 2 630 26 13 23 162866 12.6 deadline True
HF_sto-3g_JW FC GH_L100_l0.6 0 630 26 13 24 166265 12.6 deadline True
HF_sto-3g_JW FC GH_L100_l0.6 1 630 26 13 23 155263 12.6 deadline True
HF_sto-3g_JW FC GH_L100_l0.6 2 630 26 13 23 162452 12.6 deadline True
HF_sto-3g_JW FC fixed10 0 630 26 13 24 176706 12.6 deadline True
HF_sto-3g_JW FC fixed10 1 630 26 13 24 163383 12.6 deadline True
HF_sto-3g_JW FC fixed10 2 630 26 13 24 160010 12.6 deadline True
BH3_sto-3g_JW QWC GH_L10_l0.6 0 1964 539 516 539 458135 39.28 deadline True
BH3_sto-3g_JW QWC GH_L10_l0.6 1 1964 539 516 539 452330 39.28 deadline True
BH3_sto-3g_JW QWC GH_L10_l0.6 2 1964 539 516 539 453181 39.28 deadline True
BH3_sto-3g_JW QWC GH_L10_l1.2 0 1964 539 516 539 452197 39.28 deadline True
BH3_sto-3g_JW QWC GH_L10_l1.2 1 1964 539 516 539 444085 39.28 deadline True
BH3_sto-3g_JW QWC GH_L10_l1.2 2 1964 539 516 539 432599 39.28 deadline True
BH3_sto-3g_JW QWC GH_L10_l2.0 0 1964 539 516 539 315833 39.28 deadline True
BH3_sto-3g_JW QWC GH_L10_l2.0 1 1964 539 516 539 314527 39.28 deadline True
BH3_sto-3g_JW QWC GH_L10_l2.0 2 1964 539 516 539 456759 39.28 deadline True
BH3_sto-3g_JW QWC GH_L50_l0.6 0 1964 539 516 539 456460 39.28 deadline True
BH3_sto-3g_JW QWC GH_L50_l0.6 1 1964 539 516 539 449882 39.28 deadline True
BH3_sto-3g_JW QWC GH_L50_l0.6 2 1964 539 516 539 453080 39.28 deadline True
BH3_sto-3g_JW QWC GH_L100_l0.6 0 1964 539 516 539 436127 39.28 deadline True
BH3_sto-3g_JW QWC GH_L100_l0.6 1 1964 539 516 539 447811 39.28 deadline True
BH3_sto-3g_JW QWC GH_L100_l0.6 2 1964 539 516 539 430600 39.28 deadline True
BH3_sto-3g_JW QWC fixed10 0 1964 539 516 539 440304 39.28 deadline True
BH3_sto-3g_JW QWC fixed10 1 1964 539 516 539 457243 39.28 deadline True
BH3_sto-3g_JW QWC fixed10 2 1964 539 516 539 466369 39.28 deadline True
BH3_sto-3g_JW FC GH_L10_l0.6 0 1964 65 18 51 444953 39.28 deadline True
BH3_sto-3g_JW FC GH_L10_l0.6 1 1964 65 18 50 439038 39.28 deadline True
BH3_sto-3g_JW FC GH_L10_l0.6 2 1964 65 18 51 401546 39.28 deadline True
BH3_sto-3g_JW FC GH_L10_l1.2 0 1964 65 18 50 393912 39.28 deadline True
BH3_sto-3g_JW FC GH_L10_l1.2 1 1964 65 18 50 394755 39.28 deadline True
BH3_sto-3g_JW FC GH_L10_l1.2 2 1964 65 18 51 398918 39.28 deadline True
BH3_sto-3g_JW FC GH_L10_l2.0 0 1964 65 18 50 387688 39.28 deadline True
BH3_sto-3g_JW FC GH_L10_l2.0 1 1964 65 18 50 397281 39.28 deadline True
BH3_sto-3g_JW FC GH_L10_l2.0 2 1964 65 18 51 402289 39.28 deadline True
BH3_sto-3g_JW FC GH_L50_l0.6 0 1964 65 18 50 403165 39.28 deadline True
BH3_sto-3g_JW FC GH_L50_l0.6 1 1964 65 18 49 426920 39.28 deadline True
BH3_sto-3g_JW FC GH_L50_l0.6 2 1964 65 18 50 427327 39.28 deadline True
BH3_sto-3g_JW FC GH_L100_l0.6 0 1964 65 18 49 420754 39.28 deadline True
BH3_sto-3g_JW FC GH_L100_l0.6 1 1964 65 18 50 438992 39.28 deadline True
BH3_sto-3g_JW FC GH_L100_l0.6 2 1964 65 18 50 430282 39.28 deadline True
BH3_sto-3g_JW FC fixed10 0 1964 65 18 51 464264 39.28 deadline True
BH3_sto-3g_JW FC fixed10 1 1964 65 18 52 459476 39.28 deadline True
BH3_sto-3g_JW FC fixed10 2 1964 65 18 52 466814 39.28 deadline True
